[dotenv@17.3.1] injecting env (7) from .env -- tip: ΓÜÖ∩╕Å  suppress all logs with { quiet: true }
node : BIG 
ERROR:Error: Please 
provide image as 
base64 encoded data URL
At line:1 char:1
+ node -e "require('dot
env').config(); const {
ChatGoogleGenerativeAI}
 = ...
+ ~~~~~~~~~~~~~~~~~~~~~
~~~~~~~~~~~~~~~~~~~~~~~
~~~~~~~~~~~~~~~~~~~~~~~
~~
    + CategoryInfo     
         : NotSpecifi  
  ed: (BIG ERROR:Err   
 or...ncoded data U    
RL:String) [], Rem    
oteException
    + FullyQualifiedEr 
   rorId : NativeComm  
  andError
 
